CCS PCM C Compiler, Version 5.008, 5967               01-May-19 19:15

               Filename:   C:\Users\Memo\Documents\ice\6to\expo ing 19\sensor.lst

               ROM used:   591 words (7%)
                           Largest free fragment is 2048
               RAM used:   10 (3%) at main() level
                           36 (10%) worst case
               Stack used: 1 locations
               Stack size: 8

*
0000:  MOVLW  01
0001:  MOVWF  0A
0002:  GOTO   1B2
0003:  NOP
.................... #include <sensor.h> 
.................... #include <16F877A.h> 
.................... //////// Standard Header file for the PIC16F877A device //////////////// 
.................... #device PIC16F877A 
*
0019:  MOVF   16,W
001A:  MOVWF  78
001B:  MOVF   15,W
001C:  MOVWF  77
001D:  BCF    0C.2
001E:  BCF    0A.3
001F:  BCF    0A.4
0020:  GOTO   1F0 (RETURN)
0021:  MOVF   1C,W
0022:  MOVWF  78
0023:  MOVF   1B,W
0024:  MOVWF  77
0025:  BCF    0D.0
0026:  BCF    0A.3
0027:  BCF    0A.4
0028:  GOTO   1F7 (RETURN)
0029:  CLRF   78
002A:  CLRF   79
002B:  CLRF   77
002C:  CLRF   7A
002D:  MOVF   32,W
002E:  BTFSS  03.2
002F:  GOTO   033
0030:  MOVF   31,W
0031:  BTFSC  03.2
0032:  GOTO   04D
0033:  MOVLW  10
0034:  MOVWF  33
0035:  BCF    03.0
0036:  RLF    2F,F
0037:  RLF    30,F
0038:  RLF    77,F
0039:  RLF    7A,F
003A:  MOVF   32,W
003B:  SUBWF  7A,W
003C:  BTFSS  03.2
003D:  GOTO   040
003E:  MOVF   31,W
003F:  SUBWF  77,W
0040:  BTFSS  03.0
0041:  GOTO   049
0042:  MOVF   31,W
0043:  SUBWF  77,F
0044:  BTFSS  03.0
0045:  DECF   7A,F
0046:  MOVF   32,W
0047:  SUBWF  7A,F
0048:  BSF    03.0
0049:  RLF    78,F
004A:  RLF    79,F
004B:  DECFSZ 33,F
004C:  GOTO   035
004D:  BCF    0A.3
004E:  BCF    0A.4
004F:  GOTO   215 (RETURN)
0050:  MOVLW  8E
0051:  MOVWF  77
0052:  MOVF   2E,W
0053:  MOVWF  78
0054:  MOVF   2D,W
0055:  MOVWF  79
0056:  CLRF   7A
0057:  MOVF   78,F
0058:  BTFSS  03.2
0059:  GOTO   064
005A:  MOVF   79,W
005B:  MOVWF  78
005C:  CLRF   79
005D:  MOVLW  08
005E:  SUBWF  77,F
005F:  MOVF   78,F
0060:  BTFSS  03.2
0061:  GOTO   064
0062:  CLRF   77
0063:  GOTO   06C
0064:  BCF    03.0
0065:  BTFSC  78.7
0066:  GOTO   06B
0067:  RLF    79,F
0068:  RLF    78,F
0069:  DECF   77,F
006A:  GOTO   064
006B:  BCF    78.7
006C:  BCF    0A.3
006D:  BCF    0A.4
006E:  GOTO   21E (RETURN)
006F:  MOVF   2D,W
0070:  BTFSC  03.2
0071:  GOTO   0DF
0072:  MOVWF  35
0073:  MOVF   31,W
0074:  BTFSC  03.2
0075:  GOTO   0DF
0076:  ADDWF  35,F
0077:  BTFSC  03.0
0078:  GOTO   080
0079:  MOVLW  7F
007A:  SUBWF  35,F
007B:  BTFSS  03.0
007C:  GOTO   0DF
007D:  BTFSC  03.2
007E:  GOTO   0DF
007F:  GOTO   084
0080:  MOVLW  81
0081:  ADDWF  35,F
0082:  BTFSC  03.0
0083:  GOTO   0DF
0084:  MOVF   35,W
0085:  MOVWF  77
0086:  CLRF   78
0087:  CLRF   79
0088:  CLRF   7A
0089:  MOVF   2E,W
008A:  MOVWF  39
008B:  BSF    39.7
008C:  MOVF   2F,W
008D:  MOVWF  38
008E:  MOVF   30,W
008F:  MOVWF  37
0090:  MOVLW  18
0091:  MOVWF  35
0092:  CLRF   36
0093:  BTFSS  37.0
0094:  GOTO   0AD
0095:  MOVF   34,W
0096:  ADDWF  7A,F
0097:  BTFSS  03.0
0098:  GOTO   09F
0099:  INCF   79,F
009A:  BTFSS  03.2
009B:  GOTO   09F
009C:  INCF   78,F
009D:  BTFSC  03.2
009E:  BSF    36.7
009F:  MOVF   33,W
00A0:  ADDWF  79,F
00A1:  BTFSS  03.0
00A2:  GOTO   0A6
00A3:  INCF   78,F
00A4:  BTFSC  03.2
00A5:  BSF    36.7
00A6:  MOVF   32,W
00A7:  MOVWF  2F
00A8:  BSF    2F.7
00A9:  MOVF   2F,W
00AA:  ADDWF  78,F
00AB:  BTFSC  03.0
00AC:  BSF    36.7
00AD:  RLF    36,F
00AE:  RRF    78,F
00AF:  RRF    79,F
00B0:  RRF    7A,F
00B1:  RRF    39,F
00B2:  RRF    38,F
00B3:  RRF    37,F
00B4:  BCF    03.0
00B5:  DECFSZ 35,F
00B6:  GOTO   092
00B7:  MOVLW  01
00B8:  ADDWF  77,F
00B9:  BTFSC  03.0
00BA:  GOTO   0DF
00BB:  BTFSC  78.7
00BC:  GOTO   0C4
00BD:  RLF    39,F
00BE:  RLF    7A,F
00BF:  RLF    79,F
00C0:  RLF    78,F
00C1:  DECF   77,F
00C2:  BTFSC  03.2
00C3:  GOTO   0DF
00C4:  BTFSS  39.7
00C5:  GOTO   0D5
00C6:  INCF   7A,F
00C7:  BTFSS  03.2
00C8:  GOTO   0D5
00C9:  INCF   79,F
00CA:  BTFSS  03.2
00CB:  GOTO   0D5
00CC:  INCF   78,F
00CD:  BTFSS  03.2
00CE:  GOTO   0D5
00CF:  RRF    78,F
00D0:  RRF    79,F
00D1:  RRF    7A,F
00D2:  INCF   77,F
00D3:  BTFSC  03.2
00D4:  GOTO   0DF
00D5:  MOVF   2E,W
00D6:  MOVWF  36
00D7:  MOVF   32,W
00D8:  XORWF  36,F
00D9:  BTFSS  36.7
00DA:  GOTO   0DD
00DB:  BSF    78.7
00DC:  GOTO   0E3
00DD:  BCF    78.7
00DE:  GOTO   0E3
00DF:  CLRF   77
00E0:  CLRF   78
00E1:  CLRF   79
00E2:  CLRF   7A
00E3:  BCF    0A.3
00E4:  BCF    0A.4
00E5:  GOTO   22F (RETURN)
00E6:  MOVF   31,W
00E7:  BTFSC  03.2
00E8:  GOTO   1AB
00E9:  MOVWF  3D
00EA:  MOVF   35,W
00EB:  BTFSC  03.2
00EC:  GOTO   1AB
00ED:  SUBWF  3D,F
00EE:  BTFSS  03.0
00EF:  GOTO   0F5
00F0:  MOVLW  7F
00F1:  ADDWF  3D,F
00F2:  BTFSC  03.0
00F3:  GOTO   1AB
00F4:  GOTO   0FB
00F5:  MOVLW  81
00F6:  SUBWF  3D,F
00F7:  BTFSS  03.0
00F8:  GOTO   1AB
00F9:  BTFSC  03.2
00FA:  GOTO   1AB
00FB:  MOVF   3D,W
00FC:  MOVWF  77
00FD:  CLRF   78
00FE:  CLRF   79
00FF:  CLRF   7A
0100:  CLRF   3C
0101:  MOVF   32,W
0102:  MOVWF  3B
0103:  BSF    3B.7
0104:  MOVF   33,W
0105:  MOVWF  3A
0106:  MOVF   34,W
0107:  MOVWF  39
0108:  MOVLW  19
0109:  MOVWF  3D
010A:  MOVF   38,W
010B:  SUBWF  39,F
010C:  BTFSC  03.0
010D:  GOTO   11E
010E:  MOVLW  01
010F:  SUBWF  3A,F
0110:  BTFSC  03.0
0111:  GOTO   11E
0112:  SUBWF  3B,F
0113:  BTFSC  03.0
0114:  GOTO   11E
0115:  SUBWF  3C,F
0116:  BTFSC  03.0
0117:  GOTO   11E
0118:  INCF   3C,F
0119:  INCF   3B,F
011A:  INCF   3A,F
011B:  MOVF   38,W
011C:  ADDWF  39,F
011D:  GOTO   150
011E:  MOVF   37,W
011F:  SUBWF  3A,F
0120:  BTFSC  03.0
0121:  GOTO   139
0122:  MOVLW  01
0123:  SUBWF  3B,F
0124:  BTFSC  03.0
0125:  GOTO   139
0126:  SUBWF  3C,F
0127:  BTFSC  03.0
0128:  GOTO   139
0129:  INCF   3C,F
012A:  INCF   3B,F
012B:  MOVF   37,W
012C:  ADDWF  3A,F
012D:  MOVF   38,W
012E:  ADDWF  39,F
012F:  BTFSS  03.0
0130:  GOTO   150
0131:  INCF   3A,F
0132:  BTFSS  03.2
0133:  GOTO   150
0134:  INCF   3B,F
0135:  BTFSS  03.2
0136:  GOTO   150
0137:  INCF   3C,F
0138:  GOTO   150
0139:  MOVF   36,W
013A:  IORLW  80
013B:  SUBWF  3B,F
013C:  BTFSC  03.0
013D:  GOTO   14F
013E:  MOVLW  01
013F:  SUBWF  3C,F
0140:  BTFSC  03.0
0141:  GOTO   14F
0142:  INCF   3C,F
0143:  MOVF   36,W
0144:  IORLW  80
0145:  ADDWF  3B,F
0146:  MOVF   37,W
0147:  ADDWF  3A,F
0148:  BTFSS  03.0
0149:  GOTO   12D
014A:  INCF   3B,F
014B:  BTFSS  03.2
014C:  GOTO   12D
014D:  INCF   3C,F
014E:  GOTO   12D
014F:  BSF    7A.0
0150:  DECFSZ 3D,F
0151:  GOTO   153
0152:  GOTO   15E
0153:  BCF    03.0
0154:  RLF    39,F
0155:  RLF    3A,F
0156:  RLF    3B,F
0157:  RLF    3C,F
0158:  BCF    03.0
0159:  RLF    7A,F
015A:  RLF    79,F
015B:  RLF    78,F
015C:  RLF    3E,F
015D:  GOTO   10A
015E:  BTFSS  3E.0
015F:  GOTO   166
0160:  BCF    03.0
0161:  RRF    78,F
0162:  RRF    79,F
0163:  RRF    7A,F
0164:  RRF    3E,F
0165:  GOTO   169
0166:  DECF   77,F
0167:  BTFSC  03.2
0168:  GOTO   1AB
0169:  BTFSC  3E.7
016A:  GOTO   192
016B:  BCF    03.0
016C:  RLF    39,F
016D:  RLF    3A,F
016E:  RLF    3B,F
016F:  RLF    3C,F
0170:  MOVF   38,W
0171:  SUBWF  39,F
0172:  BTFSC  03.0
0173:  GOTO   17E
0174:  MOVLW  01
0175:  SUBWF  3A,F
0176:  BTFSC  03.0
0177:  GOTO   17E
0178:  SUBWF  3B,F
0179:  BTFSC  03.0
017A:  GOTO   17E
017B:  SUBWF  3C,F
017C:  BTFSS  03.0
017D:  GOTO   1A1
017E:  MOVF   37,W
017F:  SUBWF  3A,F
0180:  BTFSC  03.0
0181:  GOTO   189
0182:  MOVLW  01
0183:  SUBWF  3B,F
0184:  BTFSC  03.0
0185:  GOTO   189
0186:  SUBWF  3C,F
0187:  BTFSS  03.0
0188:  GOTO   1A1
0189:  MOVF   36,W
018A:  IORLW  80
018B:  SUBWF  3B,F
018C:  BTFSC  03.0
018D:  GOTO   192
018E:  MOVLW  01
018F:  SUBWF  3C,F
0190:  BTFSS  03.0
0191:  GOTO   1A1
0192:  INCF   7A,F
0193:  BTFSS  03.2
0194:  GOTO   1A1
0195:  INCF   79,F
0196:  BTFSS  03.2
0197:  GOTO   1A1
0198:  INCF   78,F
0199:  BTFSS  03.2
019A:  GOTO   1A1
019B:  INCF   77,F
019C:  BTFSC  03.2
019D:  GOTO   1AB
019E:  RRF    78,F
019F:  RRF    79,F
01A0:  RRF    7A,F
01A1:  MOVF   32,W
01A2:  MOVWF  3D
01A3:  MOVF   36,W
01A4:  XORWF  3D,F
01A5:  BTFSS  3D.7
01A6:  GOTO   1A9
01A7:  BSF    78.7
01A8:  GOTO   1AF
01A9:  BCF    78.7
01AA:  GOTO   1AF
01AB:  CLRF   77
01AC:  CLRF   78
01AD:  CLRF   79
01AE:  CLRF   7A
01AF:  BCF    0A.3
01B0:  BCF    0A.4
01B1:  GOTO   245 (RETURN)
....................  
.................... #list 
....................  
.................... #device ADC=16 
....................  
.................... #FUSES NOWDT                 	//No Watch Dog Timer 
.................... #FUSES NOBROWNOUT            	//No brownout reset 
.................... #FUSES NOLVP                 	//No low voltage prgming, B3(PIC16) or B5(PIC18) used for I/O 
....................  
.................... #use delay(crystal=4MHz) 
*
0004:  MOVLW  2D
0005:  MOVWF  04
0006:  BCF    03.7
0007:  MOVF   00,W
0008:  BTFSC  03.2
0009:  GOTO   018
000A:  MOVLW  01
000B:  MOVWF  78
000C:  CLRF   77
000D:  DECFSZ 77,F
000E:  GOTO   00D
000F:  DECFSZ 78,F
0010:  GOTO   00C
0011:  MOVLW  4A
0012:  MOVWF  77
0013:  DECFSZ 77,F
0014:  GOTO   013
0015:  GOTO   016
0016:  DECFSZ 00,F
0017:  GOTO   00A
0018:  RETURN
....................  
....................  
.................... #use capture(CCP1, input=PIN_C2, capture_rising, stream=RISE) 
.................... #use capture(CCP2, input=PIN_C1, capture_falling, stream=FALL) 
.................... void main() 
*
01B2:  MOVF   03,W
01B3:  ANDLW  1F
01B4:  MOVWF  03
01B5:  MOVLW  FF
01B6:  MOVWF  20
01B7:  MOVLW  85
01B8:  MOVWF  10
01B9:  BSF    20.2
01BA:  MOVF   20,W
01BB:  BSF    03.5
01BC:  MOVWF  07
01BD:  MOVLW  05
01BE:  BCF    03.5
01BF:  MOVWF  17
01C0:  BSF    20.1
01C1:  MOVF   20,W
01C2:  BSF    03.5
01C3:  MOVWF  07
01C4:  MOVLW  04
01C5:  BCF    03.5
01C6:  MOVWF  1D
01C7:  BSF    03.5
01C8:  BSF    1F.0
01C9:  BSF    1F.1
01CA:  BSF    1F.2
01CB:  BCF    1F.3
01CC:  MOVLW  07
01CD:  MOVWF  1C
01CE:  BCF    03.7
.................... { 
....................    set_tris_b(0x00); 
01CF:  MOVLW  00
01D0:  MOVWF  06
....................    output_B(0x00); 
01D1:  CLRF   06
01D2:  BCF    03.5
01D3:  CLRF   06
....................    unsigned int16 Ts=0; 
....................    unsigned int16 Tf=0; 
....................    unsigned int16 Ttotal=0; 
....................    int16 Time; 
....................    float d; 
01D4:  CLRF   22
01D5:  CLRF   21
01D6:  CLRF   24
01D7:  CLRF   23
01D8:  CLRF   26
01D9:  CLRF   25
....................    while(TRUE) 
....................    {   
....................       output_B(0x00); 
01DA:  BSF    03.5
01DB:  CLRF   06
01DC:  BCF    03.5
01DD:  CLRF   06
....................       delay_ms(2); 
01DE:  MOVLW  02
01DF:  MOVWF  2D
01E0:  CALL   004
....................       output_B(0x01); 
01E1:  BSF    03.5
01E2:  CLRF   06
01E3:  MOVLW  01
01E4:  BCF    03.5
01E5:  MOVWF  06
....................       delay_ms(10); 
01E6:  MOVLW  0A
01E7:  MOVWF  2D
01E8:  CALL   004
....................       output_B(0x00); 
01E9:  BSF    03.5
01EA:  CLRF   06
01EB:  BCF    03.5
01EC:  CLRF   06
....................        
....................       if(get_capture_event(RISE)) 
01ED:  BTFSS  0C.2
01EE:  GOTO   1F4
....................          Ts=get_capture_time(RISE); 
01EF:  GOTO   019
01F0:  MOVF   78,W
01F1:  MOVWF  22
01F2:  MOVF   77,W
01F3:  MOVWF  21
....................       if(get_capture_event(FALL)){ 
01F4:  BTFSS  0D.0
01F5:  GOTO   204
....................          Tf=get_capture_time(FALL); 
01F6:  GOTO   021
01F7:  MOVF   78,W
01F8:  MOVWF  24
01F9:  MOVF   77,W
01FA:  MOVWF  23
....................          Ttotal=Tf-Ts; 
01FB:  MOVF   21,W
01FC:  SUBWF  23,W
01FD:  MOVWF  25
01FE:  MOVF   24,W
01FF:  MOVWF  26
0200:  MOVF   22,W
0201:  BTFSS  03.0
0202:  INCFSZ 22,W
0203:  SUBWF  26,F
....................       } 
....................       Time=4*Ttotal/4000; 
0204:  RLF    25,W
0205:  MOVWF  2D
0206:  RLF    26,W
0207:  MOVWF  2E
0208:  RLF    2D,F
0209:  RLF    2E,F
020A:  MOVLW  FC
020B:  ANDWF  2D,F
020C:  MOVF   2E,W
020D:  MOVWF  30
020E:  MOVF   2D,W
020F:  MOVWF  2F
0210:  MOVLW  0F
0211:  MOVWF  32
0212:  MOVLW  A0
0213:  MOVWF  31
0214:  GOTO   029
0215:  MOVF   79,W
0216:  MOVWF  28
0217:  MOVF   78,W
0218:  MOVWF  27
....................       d=(Time*0.034)/2; 
0219:  MOVF   28,W
021A:  MOVWF  2E
021B:  MOVF   27,W
021C:  MOVWF  2D
021D:  GOTO   050
021E:  MOVF   7A,W
021F:  MOVWF  30
0220:  MOVF   79,W
0221:  MOVWF  2F
0222:  MOVF   78,W
0223:  MOVWF  2E
0224:  MOVF   77,W
0225:  MOVWF  2D
0226:  MOVLW  96
0227:  MOVWF  34
0228:  MOVLW  43
0229:  MOVWF  33
022A:  MOVLW  0B
022B:  MOVWF  32
022C:  MOVLW  7A
022D:  MOVWF  31
022E:  GOTO   06F
022F:  MOVF   7A,W
0230:  MOVWF  30
0231:  MOVF   79,W
0232:  MOVWF  2F
0233:  MOVF   78,W
0234:  MOVWF  2E
0235:  MOVF   77,W
0236:  MOVWF  2D
0237:  MOVF   30,W
0238:  MOVWF  34
0239:  MOVF   2F,W
023A:  MOVWF  33
023B:  MOVF   2E,W
023C:  MOVWF  32
023D:  MOVF   2D,W
023E:  MOVWF  31
023F:  CLRF   38
0240:  CLRF   37
0241:  CLRF   36
0242:  MOVLW  80
0243:  MOVWF  35
0244:  GOTO   0E6
0245:  MOVF   7A,W
0246:  MOVWF  2C
0247:  MOVF   79,W
0248:  MOVWF  2B
0249:  MOVF   78,W
024A:  MOVWF  2A
024B:  MOVF   77,W
024C:  MOVWF  29
024D:  GOTO   1DA
....................    } 
....................  
.................... } 
024E:  SLEEP

Configuration Fuses:
   Word  1: 3F31   XT NOWDT PUT NOBROWNOUT NOLVP NOCPD NOWRT NODEBUG NOPROTECT
